[INFO] Scanning for projects...
[INFO] 
[INFO] -----------------< com.englishwebsite:EnglishWebsite >------------------
[INFO] Building EnglishWebsite 0.0.1-SNAPSHOT
[INFO]   from pom.xml
[INFO] --------------------------------[ jar ]---------------------------------
[INFO] 
[INFO] --- resources:3.3.1:resources (default-resources) @ EnglishWebsite ---
[INFO] Copying 1 resource from src\main\resources to target\classes
[INFO] Copying 3 resources from src\main\resources to target\classes
[INFO] 
[INFO] --- compiler:3.14.1:compile (default-compile) @ EnglishWebsite ---
[INFO] Recompiling the module because of changed source code.
[INFO] Compiling 74 source files with javac [forked debug parameters release 21] to target\classes
[INFO] -------------------------------------------------------------
[ERROR] COMPILATION ERROR : 
[INFO] -------------------------------------------------------------
[ERROR] C:\File Coding\EnglishWebsite\src\main\java\com\englishwebsite\EnglishWebsite\api_v1\vocab\VocabController.java:[3,49] error: cannot find symbol
  symbol:   class FirebasePrincipal
  location: package com.englishwebsite.EnglishWebsite.security
[ERROR] C:\File Coding\EnglishWebsite\src\main\java\com\englishwebsite\EnglishWebsite\api_v1\vocab\VocabController.java:[61,59] error: cannot find symbol
  symbol:   class FirebasePrincipal
  location: class VocabController
[INFO] 2 errors 
[INFO] -------------------------------------------------------------
[INFO] ------------------------------------------------------------------------
[INFO] BUILD FAILURE
[INFO] ------------------------------------------------------------------------
[INFO] Total time:  2.724 s
[INFO] Finished at: 2026-03-22T00:48:48+07:00
[INFO] ------------------------------------------------------------------------
[ERROR] Failed to execute goal org.apache.maven.plugins:maven-compiler-plugin:3.14.1:compile (default-compile) on project EnglishWebsite: Compilation failure: Compilation failure: 
[ERROR] C:\File Coding\EnglishWebsite\src\main\java\com\englishwebsite\EnglishWebsite\api_v1\vocab\VocabController.java:[3,49] error: cannot find symbol
[ERROR]   symbol:   class FirebasePrincipal
[ERROR]   location: package com.englishwebsite.EnglishWebsite.security
[ERROR] C:\File Coding\EnglishWebsite\src\main\java\com\englishwebsite\EnglishWebsite\api_v1\vocab\VocabController.java:[61,59] error: cannot find symbol
[ERROR]   symbol:   class FirebasePrincipal
[ERROR]   location: class VocabController
[ERROR] -> [Help 1]
[ERROR] 
[ERROR] To see the full stack trace of the errors, re-run Maven with the -e switch.
[ERROR] Re-run Maven using the -X switch to enable full debug logging.
[ERROR] 
[ERROR] For more information about the errors and possible solutions, please read the following articles:
[ERROR] [Help 1] http://cwiki.apache.org/confluence/display/MAVEN/MojoFailureException
